// Jest Snapshot v1, https://goo.gl/fbAQLP

exports[`members/list/pageContainer tests should render as expected passing state 1`] = `
<PageContainer
  fetchMembers={[Function]}
  members={
    Array [
      Object {
        "avatarUrl": "",
        "id": 1,
        "name": "",
      },
    ]
  }
/>
`;
